// Jest Snapshot v1, https://goo.gl/fbAQLP

exports[`Navigation   should match snapshot 1`] = `
<div>
  <div
    class="p-4"
  >
    <div
      class="flex justify-between"
    >
      <div
        class="hidden md:flex space-x-4 justify-center transition delay-300 duration-300 ease-in-out hover:transform hover:scale-105 w-full"
      >
        <div
          class="flex flex-col justify-center self-center cursor-pointer"
        >
          <svg
            class="w-5 h-5 self-center"
            fill="none"
            height="1em"
            stroke="currentColor"
            stroke-linecap="round"
            stroke-linejoin="round"
            stroke-width="2"
            viewBox="0 0 24 24"
            width="1em"
            xmlns="http://www.w3.org/2000/svg"
          >
            <path
              d="M17 18a5 5 0 0 0-10 0"
            />
            <line
              x1="12"
              x2="12"
              y1="2"
              y2="9"
            />
            <line
              x1="4.22"
              x2="5.64"
              y1="10.22"
              y2="11.64"
            />
            <line
              x1="1"
              x2="3"
              y1="18"
              y2="18"
            />
            <line
              x1="21"
              x2="23"
              y1="18"
              y2="18"
            />
            <line
              x1="18.36"
              x2="19.78"
              y1="11.64"
              y2="10.22"
            />
            <line
              x1="23"
              x2="1"
              y1="22"
              y2="22"
            />
            <polyline
              points="8 6 12 2 16 6"
            />
          </svg>
          <div
            class="text-gray font-semibold hover:text-dark my-3 "
          >
            Monday
          </div>
        </div>
        <div
          class="flex flex-col justify-center self-center cursor-pointer"
        >
          <svg
            class="w-5 h-5 self-center"
            fill="none"
            height="1em"
            stroke="currentColor"
            stroke-linecap="round"
            stroke-linejoin="round"
            stroke-width="2"
            viewBox="0 0 24 24"
            width="1em"
            xmlns="http://www.w3.org/2000/svg"
          >
            <path
              d="M17 18a5 5 0 0 0-10 0"
            />
            <line
              x1="12"
              x2="12"
              y1="2"
              y2="9"
            />
            <line
              x1="4.22"
              x2="5.64"
              y1="10.22"
              y2="11.64"
            />
            <line
              x1="1"
              x2="3"
              y1="18"
              y2="18"
            />
            <line
              x1="21"
              x2="23"
              y1="18"
              y2="18"
            />
            <line
              x1="18.36"
              x2="19.78"
              y1="11.64"
              y2="10.22"
            />
            <line
              x1="23"
              x2="1"
              y1="22"
              y2="22"
            />
            <polyline
              points="8 6 12 2 16 6"
            />
          </svg>
          <div
            class="text-gray font-semibold hover:text-dark my-3 "
          >
            Tuesday
          </div>
        </div>
        <div
          class="flex flex-col justify-center self-center cursor-pointer"
        >
          <svg
            class="w-5 h-5 self-center"
            fill="none"
            height="1em"
            stroke="currentColor"
            stroke-linecap="round"
            stroke-linejoin="round"
            stroke-width="2"
            viewBox="0 0 24 24"
            width="1em"
            xmlns="http://www.w3.org/2000/svg"
          >
            <path
              d="M17 18a5 5 0 0 0-10 0"
            />
            <line
              x1="12"
              x2="12"
              y1="2"
              y2="9"
            />
            <line
              x1="4.22"
              x2="5.64"
              y1="10.22"
              y2="11.64"
            />
            <line
              x1="1"
              x2="3"
              y1="18"
              y2="18"
            />
            <line
              x1="21"
              x2="23"
              y1="18"
              y2="18"
            />
            <line
              x1="18.36"
              x2="19.78"
              y1="11.64"
              y2="10.22"
            />
            <line
              x1="23"
              x2="1"
              y1="22"
              y2="22"
            />
            <polyline
              points="8 6 12 2 16 6"
            />
          </svg>
          <div
            class="text-gray font-semibold hover:text-dark my-3 "
          >
            Wednesday
          </div>
        </div>
        <div
          class="flex flex-col justify-center self-center cursor-pointer"
        >
          <svg
            class="w-5 h-5 self-center"
            fill="none"
            height="1em"
            stroke="currentColor"
            stroke-linecap="round"
            stroke-linejoin="round"
            stroke-width="2"
            viewBox="0 0 24 24"
            width="1em"
            xmlns="http://www.w3.org/2000/svg"
          >
            <path
              d="M17 18a5 5 0 0 0-10 0"
            />
            <line
              x1="12"
              x2="12"
              y1="2"
              y2="9"
            />
            <line
              x1="4.22"
              x2="5.64"
              y1="10.22"
              y2="11.64"
            />
            <line
              x1="1"
              x2="3"
              y1="18"
              y2="18"
            />
            <line
              x1="21"
              x2="23"
              y1="18"
              y2="18"
            />
            <line
              x1="18.36"
              x2="19.78"
              y1="11.64"
              y2="10.22"
            />
            <line
              x1="23"
              x2="1"
              y1="22"
              y2="22"
            />
            <polyline
              points="8 6 12 2 16 6"
            />
          </svg>
          <div
            class="text-gray font-semibold hover:text-dark my-3 "
          >
            Thursday
          </div>
        </div>
        <div
          class="flex flex-col justify-center self-center cursor-pointer"
        >
          <svg
            class="w-5 h-5 self-center"
            fill="none"
            height="1em"
            stroke="currentColor"
            stroke-linecap="round"
            stroke-linejoin="round"
            stroke-width="2"
            viewBox="0 0 24 24"
            width="1em"
            xmlns="http://www.w3.org/2000/svg"
          >
            <path
              d="M17 18a5 5 0 0 0-10 0"
            />
            <line
              x1="12"
              x2="12"
              y1="2"
              y2="9"
            />
            <line
              x1="4.22"
              x2="5.64"
              y1="10.22"
              y2="11.64"
            />
            <line
              x1="1"
              x2="3"
              y1="18"
              y2="18"
            />
            <line
              x1="21"
              x2="23"
              y1="18"
              y2="18"
            />
            <line
              x1="18.36"
              x2="19.78"
              y1="11.64"
              y2="10.22"
            />
            <line
              x1="23"
              x2="1"
              y1="22"
              y2="22"
            />
            <polyline
              points="8 6 12 2 16 6"
            />
          </svg>
          <div
            class="text-gray font-semibold hover:text-dark my-3 "
          >
            Friday
          </div>
        </div>
        <div
          class="flex flex-col justify-center self-center cursor-pointer"
        >
          <svg
            class="w-5 h-5 self-center"
            fill="none"
            height="1em"
            stroke="currentColor"
            stroke-linecap="round"
            stroke-linejoin="round"
            stroke-width="2"
            viewBox="0 0 24 24"
            width="1em"
            xmlns="http://www.w3.org/2000/svg"
          >
            <path
              d="M17 18a5 5 0 0 0-10 0"
            />
            <line
              x1="12"
              x2="12"
              y1="2"
              y2="9"
            />
            <line
              x1="4.22"
              x2="5.64"
              y1="10.22"
              y2="11.64"
            />
            <line
              x1="1"
              x2="3"
              y1="18"
              y2="18"
            />
            <line
              x1="21"
              x2="23"
              y1="18"
              y2="18"
            />
            <line
              x1="18.36"
              x2="19.78"
              y1="11.64"
              y2="10.22"
            />
            <line
              x1="23"
              x2="1"
              y1="22"
              y2="22"
            />
            <polyline
              points="8 6 12 2 16 6"
            />
          </svg>
          <div
            class="text-gray font-semibold hover:text-dark my-3 "
          >
            Saturday
          </div>
        </div>
        <div
          class="flex flex-col justify-center self-center cursor-pointer"
        >
          <svg
            class="w-5 h-5 self-center"
            fill="none"
            height="1em"
            stroke="currentColor"
            stroke-linecap="round"
            stroke-linejoin="round"
            stroke-width="2"
            viewBox="0 0 24 24"
            width="1em"
            xmlns="http://www.w3.org/2000/svg"
          >
            <path
              d="M17 18a5 5 0 0 0-10 0"
            />
            <line
              x1="12"
              x2="12"
              y1="2"
              y2="9"
            />
            <line
              x1="4.22"
              x2="5.64"
              y1="10.22"
              y2="11.64"
            />
            <line
              x1="1"
              x2="3"
              y1="18"
              y2="18"
            />
            <line
              x1="21"
              x2="23"
              y1="18"
              y2="18"
            />
            <line
              x1="18.36"
              x2="19.78"
              y1="11.64"
              y2="10.22"
            />
            <line
              x1="23"
              x2="1"
              y1="22"
              y2="22"
            />
            <polyline
              points="8 6 12 2 16 6"
            />
          </svg>
          <div
            class="text-gray font-semibold hover:text-dark my-3 "
          >
            Sunday
          </div>
        </div>
      </div>
      <div
        class="flex md:hidden items-center"
      >
        <button>
          <svg
            class="h-6 w-6 cursor-pointer text-gray"
            fill="none"
            stroke="currentColor"
            viewBox="0 0 24 24"
            xmlns="http://www.w3.org/2000/svg"
          >
            <path
              d="M4 6h16M4 12h16M4 18h16"
              stroke-linecap="round"
              stroke-linejoin="round"
              stroke-width="2"
            />
          </svg>
        </button>
      </div>
    </div>
  </div>
</div>
`;

exports[`Navigation  should handle click event 1`] = `
<div>
  <div
    class="p-4"
  >
    <div
      class="flex justify-between"
    >
      <div
        class="hidden md:flex space-x-4 justify-center transition delay-300 duration-300 ease-in-out hover:transform hover:scale-105 w-full"
      >
        <div
          class="flex flex-col justify-center self-center cursor-pointer"
        >
          <svg
            class="w-5 h-5 self-center"
            fill="none"
            height="1em"
            stroke="currentColor"
            stroke-linecap="round"
            stroke-linejoin="round"
            stroke-width="2"
            viewBox="0 0 24 24"
            width="1em"
            xmlns="http://www.w3.org/2000/svg"
          >
            <path
              d="M17 18a5 5 0 0 0-10 0"
            />
            <line
              x1="12"
              x2="12"
              y1="2"
              y2="9"
            />
            <line
              x1="4.22"
              x2="5.64"
              y1="10.22"
              y2="11.64"
            />
            <line
              x1="1"
              x2="3"
              y1="18"
              y2="18"
            />
            <line
              x1="21"
              x2="23"
              y1="18"
              y2="18"
            />
            <line
              x1="18.36"
              x2="19.78"
              y1="11.64"
              y2="10.22"
            />
            <line
              x1="23"
              x2="1"
              y1="22"
              y2="22"
            />
            <polyline
              points="8 6 12 2 16 6"
            />
          </svg>
          <div
            class="text-gray font-semibold hover:text-dark my-3 "
          >
            Monday
          </div>
        </div>
        <div
          class="flex flex-col justify-center self-center cursor-pointer"
        >
          <svg
            class="w-5 h-5 self-center"
            fill="none"
            height="1em"
            stroke="currentColor"
            stroke-linecap="round"
            stroke-linejoin="round"
            stroke-width="2"
            viewBox="0 0 24 24"
            width="1em"
            xmlns="http://www.w3.org/2000/svg"
          >
            <path
              d="M17 18a5 5 0 0 0-10 0"
            />
            <line
              x1="12"
              x2="12"
              y1="2"
              y2="9"
            />
            <line
              x1="4.22"
              x2="5.64"
              y1="10.22"
              y2="11.64"
            />
            <line
              x1="1"
              x2="3"
              y1="18"
              y2="18"
            />
            <line
              x1="21"
              x2="23"
              y1="18"
              y2="18"
            />
            <line
              x1="18.36"
              x2="19.78"
              y1="11.64"
              y2="10.22"
            />
            <line
              x1="23"
              x2="1"
              y1="22"
              y2="22"
            />
            <polyline
              points="8 6 12 2 16 6"
            />
          </svg>
          <div
            class="text-gray font-semibold hover:text-dark my-3 "
          >
            Tuesday
          </div>
        </div>
        <div
          class="flex flex-col justify-center self-center cursor-pointer"
        >
          <svg
            class="w-5 h-5 self-center"
            fill="none"
            height="1em"
            stroke="currentColor"
            stroke-linecap="round"
            stroke-linejoin="round"
            stroke-width="2"
            viewBox="0 0 24 24"
            width="1em"
            xmlns="http://www.w3.org/2000/svg"
          >
            <path
              d="M17 18a5 5 0 0 0-10 0"
            />
            <line
              x1="12"
              x2="12"
              y1="2"
              y2="9"
            />
            <line
              x1="4.22"
              x2="5.64"
              y1="10.22"
              y2="11.64"
            />
            <line
              x1="1"
              x2="3"
              y1="18"
              y2="18"
            />
            <line
              x1="21"
              x2="23"
              y1="18"
              y2="18"
            />
            <line
              x1="18.36"
              x2="19.78"
              y1="11.64"
              y2="10.22"
            />
            <line
              x1="23"
              x2="1"
              y1="22"
              y2="22"
            />
            <polyline
              points="8 6 12 2 16 6"
            />
          </svg>
          <div
            class="text-gray font-semibold hover:text-dark my-3 "
          >
            Wednesday
          </div>
        </div>
        <div
          class="flex flex-col justify-center self-center cursor-pointer"
        >
          <svg
            class="w-5 h-5 self-center"
            fill="none"
            height="1em"
            stroke="currentColor"
            stroke-linecap="round"
            stroke-linejoin="round"
            stroke-width="2"
            viewBox="0 0 24 24"
            width="1em"
            xmlns="http://www.w3.org/2000/svg"
          >
            <path
              d="M17 18a5 5 0 0 0-10 0"
            />
            <line
              x1="12"
              x2="12"
              y1="2"
              y2="9"
            />
            <line
              x1="4.22"
              x2="5.64"
              y1="10.22"
              y2="11.64"
            />
            <line
              x1="1"
              x2="3"
              y1="18"
              y2="18"
            />
            <line
              x1="21"
              x2="23"
              y1="18"
              y2="18"
            />
            <line
              x1="18.36"
              x2="19.78"
              y1="11.64"
              y2="10.22"
            />
            <line
              x1="23"
              x2="1"
              y1="22"
              y2="22"
            />
            <polyline
              points="8 6 12 2 16 6"
            />
          </svg>
          <div
            class="text-gray font-semibold hover:text-dark my-3 "
          >
            Thursday
          </div>
        </div>
        <div
          class="flex flex-col justify-center self-center cursor-pointer"
        >
          <svg
            class="w-5 h-5 self-center"
            fill="none"
            height="1em"
            stroke="currentColor"
            stroke-linecap="round"
            stroke-linejoin="round"
            stroke-width="2"
            viewBox="0 0 24 24"
            width="1em"
            xmlns="http://www.w3.org/2000/svg"
          >
            <path
              d="M17 18a5 5 0 0 0-10 0"
            />
            <line
              x1="12"
              x2="12"
              y1="2"
              y2="9"
            />
            <line
              x1="4.22"
              x2="5.64"
              y1="10.22"
              y2="11.64"
            />
            <line
              x1="1"
              x2="3"
              y1="18"
              y2="18"
            />
            <line
              x1="21"
              x2="23"
              y1="18"
              y2="18"
            />
            <line
              x1="18.36"
              x2="19.78"
              y1="11.64"
              y2="10.22"
            />
            <line
              x1="23"
              x2="1"
              y1="22"
              y2="22"
            />
            <polyline
              points="8 6 12 2 16 6"
            />
          </svg>
          <div
            class="text-gray font-semibold hover:text-dark my-3 "
          >
            Friday
          </div>
        </div>
        <div
          class="flex flex-col justify-center self-center cursor-pointer"
        >
          <svg
            class="w-5 h-5 self-center"
            fill="none"
            height="1em"
            stroke="currentColor"
            stroke-linecap="round"
            stroke-linejoin="round"
            stroke-width="2"
            viewBox="0 0 24 24"
            width="1em"
            xmlns="http://www.w3.org/2000/svg"
          >
            <path
              d="M17 18a5 5 0 0 0-10 0"
            />
            <line
              x1="12"
              x2="12"
              y1="2"
              y2="9"
            />
            <line
              x1="4.22"
              x2="5.64"
              y1="10.22"
              y2="11.64"
            />
            <line
              x1="1"
              x2="3"
              y1="18"
              y2="18"
            />
            <line
              x1="21"
              x2="23"
              y1="18"
              y2="18"
            />
            <line
              x1="18.36"
              x2="19.78"
              y1="11.64"
              y2="10.22"
            />
            <line
              x1="23"
              x2="1"
              y1="22"
              y2="22"
            />
            <polyline
              points="8 6 12 2 16 6"
            />
          </svg>
          <div
            class="text-gray font-semibold hover:text-dark my-3 "
          >
            Saturday
          </div>
        </div>
        <div
          class="flex flex-col justify-center self-center cursor-pointer"
        >
          <svg
            class="w-5 h-5 self-center"
            fill="none"
            height="1em"
            stroke="currentColor"
            stroke-linecap="round"
            stroke-linejoin="round"
            stroke-width="2"
            viewBox="0 0 24 24"
            width="1em"
            xmlns="http://www.w3.org/2000/svg"
          >
            <path
              d="M17 18a5 5 0 0 0-10 0"
            />
            <line
              x1="12"
              x2="12"
              y1="2"
              y2="9"
            />
            <line
              x1="4.22"
              x2="5.64"
              y1="10.22"
              y2="11.64"
            />
            <line
              x1="1"
              x2="3"
              y1="18"
              y2="18"
            />
            <line
              x1="21"
              x2="23"
              y1="18"
              y2="18"
            />
            <line
              x1="18.36"
              x2="19.78"
              y1="11.64"
              y2="10.22"
            />
            <line
              x1="23"
              x2="1"
              y1="22"
              y2="22"
            />
            <polyline
              points="8 6 12 2 16 6"
            />
          </svg>
          <div
            class="text-gray font-semibold hover:text-dark my-3 "
          >
            Sunday
          </div>
        </div>
      </div>
      <div
        class="flex md:hidden items-center"
      >
        <button>
          <svg
            class="h-6 w-6 cursor-pointer text-gray"
            fill="none"
            stroke="currentColor"
            viewBox="0 0 24 24"
            xmlns="http://www.w3.org/2000/svg"
          >
            <path
              d="M4 6h16M4 12h16M4 18h16"
              stroke-linecap="round"
              stroke-linejoin="round"
              stroke-width="2"
            />
          </svg>
        </button>
      </div>
    </div>
  </div>
</div>
`;
